Updated: Адсорбционная азотная установка
Updated: Азот
Updated: Аккумулятор
Updated: Аммиак
Updated: Амперметр
Updated: Ацетилен
Updated: Ацетон
Updated: Батарейка
Updated: Бензин
Updated: Бензол
Updated: Бетон
Updated: Биогазовый реактор
Updated: Биология
Updated: Битум
Updated: Бульдозер
Updated: Бумага
Updated: Вакуумная лампа
Updated: Вакуумный насос
Updated: Верстак
Updated: Водород
Updated: Газовая горелка
Updated: Гальваника
Updated: Гидроксид кальция
Updated: Гидроцилиндр
Updated: Глицерин
Updated: Диод
Updated: Диоксид углерода
Updated: Долбежный станок
Updated: Домна
Updated: Доска
Updated: Древесина
Updated: Дрель ручная
Updated: Дрель электрическая
Updated: Дробилка
Updated: Дроболитейная башня
Updated: Дёготь
Updated: Едкий калий
Updated: Едкий калий-поташ
Updated: Едкий калий-электролиз
Updated: Едкий натр
Updated: Зеркало-амальгамное
Updated: Изоляционный лак
Updated: Инвертор
Updated: Карбид кремния
Updated: Карбонат калия
Updated: Катушка индуктивности
Updated: Керосин
Updated: Клей
Updated: Ковш
Updated: Кокс
Updated: Компрессор
Updated: Конденсатор
Updated: Коптильня
Updated: Кран
Updated: Кумол
Updated: Масло
Updated: Медь
Updated: Металлический лист
Updated: Металлический пруток
Updated: Метан
Updated: Мехи
Updated: Микропроцессор
Updated: Наждачная бумага
Updated: Наковальня
Updated: Напильник
Updated: Насос
Updated: Нефтедобыча
Updated: Нефтепереработка
Updated: Нитрат калия
Updated: Нитрат натрия
Updated: Нитрат натрия-едкий натр
Updated: Нитрат натрия-сода
Updated: Олово
Updated: Осцилограф
Updated: Паровой риформинг метана
Updated: Патрон станка
Updated: Песок
Updated: Печь вращающаяся
Updated: Печь газовая
Updated: Печь кирпичная
Updated: Печь металлическая
Updated: Печь микроволновая
Updated: Печь электрическая
Updated: Плазморез
Updated: Пневмоцилиндр
Updated: Поглотительная башня
Updated: Подшипник
Updated: Полотно пилы
Updated: Пресс гидравлический
Updated: Принтер
Updated: Провод
Updated: Проволока
Updated: Пропилен
Updated: Пружина
Updated: Распиловочный станок
Updated: Реактивный двигатель
Updated: Реактор аммиака
Updated: Редуктор
Updated: Резистор
Updated: Рейсмусовый станок
Updated: Ресивер
Updated: Ртуть
Updated: Рубанок
Updated: Рукоятка
Updated: Сажа
Updated: Сварочный аппарат
Updated: Сверло
Updated: Серная кислота
Updated: Смазка
Updated: Смеситель аммиака и воздуха
Updated: Станина
Updated: Станина чугунная
Updated: Стетоскоп
Updated: Стиральная машина
Updated: Стол
Updated: Столярное дело
Updated: Суппорт станка
Updated: Термопара
Updated: Тиски
Updated: Трансформатор
Updated: Труба бесшовная
Updated: Труба электросварная
Updated: Уголь древесный
Updated: Уголь каменный
Updated: Удобрение
Updated: Фанера
Updated: Фольга оловянная
Updated: Фреза
Updated: Фрезерный станок
Updated: Фреон
Updated: Фуговальный станок
Updated: Хлорид калия
Updated: Хлорид натрия
Updated: Цемент
Updated: ЧПУ
Updated: Чернила
Updated: Чистые металлы
Updated: Чугун
Updated: Шаровая мельница
Updated: Шестерня2
Updated: Шланг
Updated: Шлифовальный станок
Updated: Щебень
Updated: Экскаватор
Updated: Электроды
Updated: Электролиз
Updated: Электромагнетизм
Updated: Электронагреватель
Updated: Электроника
Updated: Электронно лучевая трубка
Updated: Электросети

Processed 163 descriptions
