Added: Рычаг
Added: Блок
Added: Ворот
Added: Гвоздь
Added: Винт
Added: Болт
Added: Гайка
Added: Молот
Added: Клещи
Added: Кузнечное дело
Added: Весы
Added: Водопровод
Added: Канализация
Added: Мост
Added: Мост металлический
Added: Туннель
Added: Маяк
Added: Лодка
Added: Плот
Added: Повозка
Added: Карета
Added: Рессора
Added: Велосипед
Added: Цепь
Added: Подъемный кран
Added: Трос
Added: Паровоз
Added: Вагон
Added: Трамвай
Added: Троллейбус
Added: Метро
Added: Эскалатор
Added: Вертолет
Added: Дирижабль
Added: Воздушный шар
Added: Парашют
Added: Планер
Added: Компас магнитный
Added: Секстант
Added: Хронометр
Added: Часы механические
Added: Барометр
Added: Гигрометр
Added: Анемометр
Added: Метеорология
Added: Картография
Added: Геодезия
Added: Маятник
Added: Мельница зерновая
Added: Пекарня
Added: Пивоварение
Added: Виноделие
Added: Дистилляция
Added: Перегонный куб
Added: Фильтр
Added: Очистка воды
Added: Хлор
Added: Отбеливание
Added: Красители синтетические
Added: Красители природные
Added: Текстильная промышленность
Added: Швейное производство
Added: Обувное производство
Added: Дубление кожи
Added: Мебельное производство
Added: Керамика
Added: Фарфор
Added: Эмаль
Added: Лакокрасочное производство
Added: Пигменты
Added: Олифа
Added: Линолеум
Added: Кирпичный завод
Added: Цементный завод
Added: Стекольный завод
Added: Литейный цех
Added: Кузнечный цех
Added: Механический цех
Added: Сборочный цех
Added: Конвейер
Added: Конвейерная сборка
Added: Стандартизация
Added: Метрология
Added: Штангенциркуль
Added: Микрометр
Added: Индикатор часового типа

Added 86 new technologies
Total technologies: 405
