Loading techno2.json...

================================================================================
Adding missing technologies
================================================================================
✓ Added: Ракета
✓ Added: Гироскоп
✓ Added: Пайка
✓ Added: Паяльник
✓ Added: Литьё
✓ Added: Форма для литья
✓ Added: Вальцы
✓ Added: Топливный бак
✓ Added: Камера сгорания

================================================================================
Fixing circular dependency: Антенна ↔ Радиопередатчик
================================================================================
✓ Fixed: Антенна dependencies: ['Провод']

================================================================================
SUMMARY
================================================================================
Technologies added: 9
Circular dependencies fixed: 1
Total technologies: 526

Saving techno2.json...
✓ Saved successfully!
