Loading techno2.json...

================================================================================
Adding missing base technologies
================================================================================
✓ Added: Стекло
✓ Added: Металлообработка
✓ Added: Вентилятор
✓ Added: Генератор электричества
✓ Added: Камень
✓ Added: Обработка дерева

================================================================================
Fixing dependency references
================================================================================

Replacing 'Печь' → 'Кирпичная печь'
  ✓ Updated: Теплица
  ✓ Updated: Сушка
  ✓ Updated: Котёл
  ✓ Updated: Стерилизация

Replacing 'Ядерная физика' → 'Физика'
  ✓ Updated: Атомная электростанция

================================================================================
Special fixes
================================================================================
✓ Fixed: Строительство dependencies
✓ Fixed: Листовой металл dependencies

================================================================================
SUMMARY
================================================================================
Technologies added: 6
Dependencies updated: 7
Total technologies: 490

Saving techno2.json...
✓ Saved successfully!
